// Vitest Snapshot v1, https://vitest.dev/guide/snapshot.html

exports[`cli e2e — interactive create flow > final screen state is snapshotted 1`] = `
"                                                                                
  Create Task                                                                   
  ────────────────────────────────────────────────────────────                  
  Type              feat                                                        
  Title           My interactive task                                           
  Description     ····················                                          
  Parent          type to search...                                             
› + Block                                                                       
  + Add           ····················                                          
  ────────────────────────────────────────────────────────────                  
  ↑↓ navigate  ←→ cycle type  Ctrl+N newline  Enter submit  Esc quit            "
`;

exports[`cli e2e — interactive edit flow > edit shows pre-populated form with task data 1`] = `
"                                                                                
  Edit Task TEST-001                                                            
  ────────────────────────────────────────────────────────────                  
› Type            ◂ feat ▸                                                      
  Status            todo                                                        
  Title           Original title                                                
  Description     ····················                                          
  Parent          type to search...                                             
  + Block         type to search...                                             
  + Add           ····················                                          
  ────────────────────────────────────────────────────────────                  
  ↑↓ navigate  ←→ cycle type/status  Ctrl+N newline  Enter submit  Esc quit     "
`;

exports[`cli e2e — interactive list flow > list renders pre-seeded tasks 1`] = `
"[Tasks]   Archive                                                               
                                                                                
>                                                                               
────────────────────────────────────────────┬───────────────────────────────────
ID            TYPE        STATUS        TIT…│ Preview                           
────────────────────────────────────────────┼───────────────────────────────────
TEST-001      feat        todo          Fir…│ TEST-001 feat todo                
TEST-002      fix         todo          Sec…│ First seeded task                 
                                            │                                   
                                            │                                   
                                            │                                   
                                            │                                   
                                            │                                   
                                            │                                   
                                            │                                   
                                            │                                   
                                            │                                   
                                            │                                   
                                            │                                   
                                            │                                   
                                            │                                   
────────────────────────────────────────────┴───────────────────────────────────
2/2 tasks  ↑↓: navigate  Tab: switch  Enter: select  Esc: quit  Type to search  "
`;
