// Vitest Snapshot v1, https://vitest.dev/guide/snapshot.html

exports[`cli e2e — interactive create flow > final screen state is snapshotted 1`] = `"                                                                                "`;

exports[`cli e2e — interactive edit flow > edit shows pre-populated form with task data 1`] = `
"                                                                                
  Edit Task TEST-001                                                            
  ────────────────────────────────────────────────────────────                  
› Type            ◂ feat ▸                                                      
  Status            todo                                                        
  Priority          ◇ 3-normal                                                  
  Title           original title                                                
  Description     ····················                                          
  Flag            ····················                                          
  Parent          type to search...                                             
  + Block         type to search...                                             
  + Add           ····················                                          
  ────────────────────────────────────────────────────────────                  
  ↑↓ navigate  ←→ cycle type/status/priority  Ctrl+N newline  Enter submit  Esc 
quit                                                                            "
`;

exports[`cli e2e — interactive list flow > list renders pre-seeded tasks 1`] = `
"[Tasks]   Archive                                                               
                                                                                
                                                                                
────────────────────────────────────────────┬───────────────────────────────────
ID          STATUS    TITLE                 │ Preview                           
────────────────────────────────────────────┼───────────────────────────────────
TEST-001    ○ ◇       first seeded task     │ ◇ TEST-001 feat ○                 
TEST-002    ○ ◇       second seeded task    │ first seeded task                 
                                            │                                   
                                            │                                   
                                            │                                   
                                            │                                   
                                            │                                   
                                            │                                   
                                            │                                   
                                            │                                   
                                            │                                   
                                            │                                   
                                            │                                   
                                            │                                   
                                            │                                   
────────────────────────────────────────────┴───────────────────────────────────
2/2 tasks  ↑↓: navigate  /: search  s: sort  d: direction  p: preview  Tab: swit
ch  Esc: quit                                                                   "
`;
